
> tam-app@1.0.0 build
> rimraf resources mta_archives && mbt build --mtar archive

[2026-07-11 15:05:35]  INFO Cloud MTA Build Tool version 1.2.47
[2026-07-11 15:05:35]  INFO generating the "Makefile_20260711150535.mta" file...
[2026-07-11 15:05:35]  INFO done
[2026-07-11 15:05:35]  INFO executing the "make -f Makefile_20260711150535.mta p=cf mtar=archive strict=true mode=" command...
[2026-07-11 15:05:35]  INFO validating the MTA project
[2026-07-11 15:05:35]  INFO running the "before-all" build...
[2026-07-11 15:05:35]  INFO executing the "npm ci" command...
.....npm warn deprecated whatwg-encoding@3.1.1: Use @exodus/bytes instead for a more spec-conformant and faster implementation
npm warn deprecated whatwg-encoding@3.1.1: Use @exodus/bytes instead for a more spec-conformant and faster implementation
.npm warn deprecated glob@10.5.0: Old versions of glob are not supported, and contain widely publicized security vulnerabilities, which have been fixed in the current version. Please update. Support for old versions may be purchased (at exorbitant rates) by contacting i@izs.me
npm warn deprecated glob@10.5.0: Old versions of glob are not supported, and contain widely publicized security vulnerabilities, which have been fixed in the current version. Please update. Support for old versions may be purchased (at exorbitant rates) by contacting i@izs.me
npm warn deprecated glob@10.5.0: Old versions of glob are not supported, and contain widely publicized security vulnerabilities, which have been fixed in the current version. Please update. Support for old versions may be purchased (at exorbitant rates) by contacting i@izs.me
npm warn deprecated glob@10.5.0: Old versions of glob are not supported, and contain widely publicized security vulnerabilities, which have been fixed in the current version. Please update. Support for old versions may be purchased (at exorbitant rates) by contacting i@izs.me
npm warn deprecated glob@10.5.0: Old versions of glob are not supported, and contain widely publicized security vulnerabilities, which have been fixed in the current version. Please update. Support for old versions may be purchased (at exorbitant rates) by contacting i@izs.me
npm warn deprecated glob@10.5.0: Old versions of glob are not supported, and contain widely publicized security vulnerabilities, which have been fixed in the current version. Please update. Support for old versions may be purchased (at exorbitant rates) by contacting i@izs.me
.
added 1096 packages, and audited 1206 packages in 7s

185 packages are looking for funding
  run `npm fund` for details

9 vulnerabilities (3 moderate, 6 high)

To address issues that do not require attention, run:
  npm audit fix

To address all issues possible (including breaking changes), run:
  npm audit fix --force

Some issues need review, and may require choosing
a different dependency.

Run `npm audit` for details.
[2026-07-11 15:05:42]  INFO executing the "npx cds build --production" command...
.[36m[cds-plugin-ui5][0m [32m[INFO][0m Running cds-plugin-ui5@0.17.4 (@sap/cds-dk@10.0.3, @sap/cds@10.0.3)
building project with {
  versions: { cds: '10.0.3', compiler: '7.0.1', dk: '10.0.3' },
  target: 'gen',
  tasks: [
    { src: 'srv', for: 'ui5', options: { model: [ 'db', 'srv', 'app', 'app/*', '@sap/cds/srv/outbox' ] } },
    { src: 'srv', for: 'nodejs', options: { model: [ 'db', 'srv', 'app', 'app/*', '@sap/cds/srv/outbox' ] } }
  ]
}
.[36m[cds-plugin-ui5][0m [32m[INFO][0m Sanitizing the package.json for "<unknown>"...
[36m[cds-plugin-ui5][0m [32m[INFO][0m Updating the package-lock.json for "<unknown>"...
.done > wrote output to:
   gen/srv/package-lock.json
   gen/srv/package.json
   gen/srv/srv/csn.json
   gen/srv/srv/duplicate-service.js
   gen/srv/srv/odata/v4/DuplicateService.xml

build completed in 2156 ms
[2026-07-11 15:05:46]  INFO validating the MTA project
[2026-07-11 15:05:46] ERROR the "mta.yaml" file is not valid: 
line 24: the "gen/db" path of the "tam-app-db-deployer" module does not exist
make: *** [Makefile_20260711150535.mta:46: validate] Error 1
[2026-07-11 15:05:46] ERROR could not build the MTA project: could not execute the "make -f Makefile_20260711150535.mta p=cf mtar=archive strict=true mode=" command: exit status 2
Error: could not build the MTA project: could not execute the "make -f Makefile_20260711150535.mta p=cf mtar=archive strict=true mode=" command: exit status 2
